// Jest Snapshot v1, https://goo.gl/fbAQLP

exports[`config is created correctly 1`] = `
"{
  \\"env\\": \\"test\\",
  \\"ip\\": \\"0.0.0.0\\",
  \\"port\\": 80,
  \\"db\\": {
    \\"host\\": \\"test.db\\",
    \\"name\\": \\"users\\"
  }
}"
`;
